Archive member included because of file (symbol)

c:/program files (x86)/atmel/atmel toolchain/arm gcc/native/4.8.1437/arm-gnu-toolchain/bin/../lib/gcc/arm-none-eabi/4.8.4/armv6-m\libgcc.a(_udivsi3.o)
                              src/ASF/sam0/drivers/system/clock/clock_samd10_d11/clock.o (__aeabi_uidiv)
c:/program files (x86)/atmel/atmel toolchain/arm gcc/native/4.8.1437/arm-gnu-toolchain/bin/../lib/gcc/arm-none-eabi/4.8.4/armv6-m\libgcc.a(_dvmd_tls.o)
                              c:/program files (x86)/atmel/atmel toolchain/arm gcc/native/4.8.1437/arm-gnu-toolchain/bin/../lib/gcc/arm-none-eabi/4.8.4/armv6-m\libgcc.a(_udivsi3.o) (__aeabi_idiv0)
c:/program files (x86)/atmel/atmel toolchain/arm gcc/native/4.8.1437/arm-gnu-toolchain/bin/../lib/gcc/arm-none-eabi/4.8.4/armv6-m\libgcc.a(_muldi3.o)
                              src/ASF/sam0/drivers/sercom/sercom.o (__aeabi_lmul)
c:/program files (x86)/atmel/atmel toolchain/arm gcc/native/4.8.1437/arm-gnu-toolchain/bin/../lib/gcc/arm-none-eabi/4.8.4/../../../../arm-none-eabi/lib/armv6-m\libc.a(lib_a-exit.o)
                              c:/program files (x86)/atmel/atmel toolchain/arm gcc/native/4.8.1437/arm-gnu-toolchain/bin/../lib/gcc/arm-none-eabi/4.8.4/../../../../arm-none-eabi/lib/armv6-m/crt0.o (exit)
c:/program files (x86)/atmel/atmel toolchain/arm gcc/native/4.8.1437/arm-gnu-toolchain/bin/../lib/gcc/arm-none-eabi/4.8.4/../../../../arm-none-eabi/lib/armv6-m\libc.a(lib_a-impure.o)
                              c:/program files (x86)/atmel/atmel toolchain/arm gcc/native/4.8.1437/arm-gnu-toolchain/bin/../lib/gcc/arm-none-eabi/4.8.4/../../../../arm-none-eabi/lib/armv6-m\libc.a(lib_a-exit.o) (_global_impure_ptr)
c:/program files (x86)/atmel/atmel toolchain/arm gcc/native/4.8.1437/arm-gnu-toolchain/bin/../lib/gcc/arm-none-eabi/4.8.4/../../../../arm-none-eabi/lib/armv6-m\libc.a(lib_a-init.o)
                              c:/program files (x86)/atmel/atmel toolchain/arm gcc/native/4.8.1437/arm-gnu-toolchain/bin/../lib/gcc/arm-none-eabi/4.8.4/../../../../arm-none-eabi/lib/armv6-m/crt0.o (__libc_init_array)
c:/program files (x86)/atmel/atmel toolchain/arm gcc/native/4.8.1437/arm-gnu-toolchain/bin/../lib/gcc/arm-none-eabi/4.8.4/../../../../arm-none-eabi/lib/armv6-m\libc.a(lib_a-memcpy-stub.o)
                              src/ASF/sam0/drivers/sercom/sercom_interrupt.o (memcpy)
c:/program files (x86)/atmel/atmel toolchain/arm gcc/native/4.8.1437/arm-gnu-toolchain/bin/../lib/gcc/arm-none-eabi/4.8.4/../../../../arm-none-eabi/lib/armv6-m\libc.a(lib_a-memset.o)
                              c:/program files (x86)/atmel/atmel toolchain/arm gcc/native/4.8.1437/arm-gnu-toolchain/bin/../lib/gcc/arm-none-eabi/4.8.4/../../../../arm-none-eabi/lib/armv6-m/crt0.o (memset)
c:/program files (x86)/atmel/atmel toolchain/arm gcc/native/4.8.1437/arm-gnu-toolchain/bin/../lib/gcc/arm-none-eabi/4.8.4/../../../../arm-none-eabi/lib/armv6-m\libc.a(lib_a-printf.o)
                              src/ASF/sam0/utils/syscalls/gcc/syscalls.o (printf)
c:/program files (x86)/atmel/atmel toolchain/arm gcc/native/4.8.1437/arm-gnu-toolchain/bin/../lib/gcc/arm-none-eabi/4.8.4/../../../../arm-none-eabi/lib/armv6-m\libc.a(lib_a-vfprintf.o)
                              c:/program files (x86)/atmel/atmel toolchain/arm gcc/native/4.8.1437/arm-gnu-toolchain/bin/../lib/gcc/arm-none-eabi/4.8.4/../../../../arm-none-eabi/lib/armv6-m\libc.a(lib_a-printf.o) (_vfprintf_r)
c:/program files (x86)/atmel/atmel toolchain/arm gcc/native/4.8.1437/arm-gnu-toolchain/bin/../lib/gcc/arm-none-eabi/4.8.4/../../../../arm-none-eabi/lib/armv6-m\libc.a(lib_a-wsetup.o)
                              c:/program files (x86)/atmel/atmel toolchain/arm gcc/native/4.8.1437/arm-gnu-toolchain/bin/../lib/gcc/arm-none-eabi/4.8.4/../../../../arm-none-eabi/lib/armv6-m\libc.a(lib_a-vfprintf.o) (__swsetup_r)
c:/program files (x86)/atmel/atmel toolchain/arm gcc/native/4.8.1437/arm-gnu-toolchain/bin/../lib/gcc/arm-none-eabi/4.8.4/../../../../arm-none-eabi/lib/armv6-m\libc.a(lib_a-__call_atexit.o)
                              c:/program files (x86)/atmel/atmel toolchain/arm gcc/native/4.8.1437/arm-gnu-toolchain/bin/../lib/gcc/arm-none-eabi/4.8.4/../../../../arm-none-eabi/lib/armv6-m\libc.a(lib_a-exit.o) (__call_exitprocs)
c:/program files (x86)/atmel/atmel toolchain/arm gcc/native/4.8.1437/arm-gnu-toolchain/bin/../lib/gcc/arm-none-eabi/4.8.4/../../../../arm-none-eabi/lib/armv6-m\libc.a(lib_a-atexit.o)
                              c:/program files (x86)/atmel/atmel toolchain/arm gcc/native/4.8.1437/arm-gnu-toolchain/bin/../lib/gcc/arm-none-eabi/4.8.4/../../../../arm-none-eabi/lib/armv6-m\libc.a(lib_a-__call_atexit.o) (atexit)
c:/program files (x86)/atmel/atmel toolchain/arm gcc/native/4.8.1437/arm-gnu-toolchain/bin/../lib/gcc/arm-none-eabi/4.8.4/../../../../arm-none-eabi/lib/armv6-m\libc.a(lib_a-dtoa.o)
[...]
Memory Configuration

Name             Origin             Length             Attributes
rom              0x00000000         0x00004000         xr
ram              0x20000000         0x00001000         xrw
*default*        0x00000000         0xffffffff

Linker script and memory map

LOAD c:/program files (x86)/atmel/atmel toolchain/arm gcc/native/4.8.1437/arm-gnu-toolchain/bin/../lib/gcc/arm-none-eabi/4.8.4/armv6-m/crti.o
LOAD c:/program files (x86)/atmel/atmel toolchain/arm gcc/native/4.8.1437/arm-gnu-toolchain/bin/../lib/gcc/arm-none-eabi/4.8.4/armv6-m/crtbegin.o
LOAD c:/program files (x86)/atmel/atmel toolchain/arm gcc/native/4.8.1437/arm-gnu-toolchain/bin/../lib/gcc/arm-none-eabi/4.8.4/../../../../arm-none-eabi/lib/armv6-m/crt0.o
LOAD src/ASF/sam0/drivers/sercom/sercom.o
LOAD src/ASF/sam0/drivers/sercom/sercom_interrupt.o
LOAD src/ASF/sam0/drivers/sercom/spi/spi.o
LOAD src/ASF/sam0/drivers/sercom/spi/spi_interrupt.o
LOAD src/peripherals/SERCOM/bastian_sercom.o
LOAD src/ASF/sam0/drivers/tcc/tcc.o
LOAD src/ASF/sam0/drivers/tcc/tcc_callback.o
LOAD src/main.o
LOAD src/ASF/sam0/drivers/port/port.o
LOAD src/ASF/sam0/utils/cmsis/samd10/source/gcc/startup_samd10.o
LOAD src/ASF/sam0/utils/cmsis/samd10/source/system_samd10.o
LOAD src/ASF/sam0/utils/syscalls/gcc/syscalls.o
LOAD src/ASF/common/utils/interrupt/interrupt_sam_nvic.o
LOAD src/ASF/sam0/drivers/system/clock/clock_samd10_d11/clock.o
LOAD src/ASF/sam0/drivers/system/clock/clock_samd10_d11/gclk.o
LOAD src/ASF/sam0/drivers/system/interrupt/system_interrupt.o
LOAD src/ASF/sam0/drivers/system/pinmux/pinmux.o
LOAD src/ASF/sam0/drivers/system/system.o
START GROUP
LOAD ../src/ASF/thirdparty/CMSIS/Lib/GCC\libarm_cortexM0l_math.a
LOAD c:/program files (x86)/atmel/atmel toolchain/arm gcc/native/4.8.1437/arm-gnu-toolchain/bin/../lib/gcc/arm-none-eabi/4.8.4/../../../../arm-none-eabi/lib/armv6-m\libm.a
END GROUP
START GROUP
LOAD c:/program files (x86)/atmel/atmel toolchain/arm gcc/native/4.8.1437/arm-gnu-toolchain/bin/../lib/gcc/arm-none-eabi/4.8.4/armv6-m\libgcc.a
LOAD c:/program files (x86)/atmel/atmel toolchain/arm gcc/native/4.8.1437/arm-gnu-toolchain/bin/../lib/gcc/arm-none-eabi/4.8.4/../../../../arm-none-eabi/lib/armv6-m\libc.a
END GROUP
LOAD c:/program files (x86)/atmel/atmel toolchain/arm gcc/native/4.8.1437/arm-gnu-toolchain/bin/../lib/gcc/arm-none-eabi/4.8.4/armv6-m/crtend.o
LOAD c:/program files (x86)/atmel/atmel toolchain/arm gcc/native/4.8.1437/arm-gnu-toolchain/bin/../lib/gcc/arm-none-eabi/4.8.4/armv6-m/crtn.o
                0x00000400                STACK_SIZE = DEFINED (STACK_SIZE)?STACK_SIZE:DEFINED (__stack_size__)?__stack_size__:0x400

.text           0x00000000     0x13ec
                0x00000000                . = ALIGN (0x4)
                0x00000000                _sfixed = .
 *(.vectors .vectors.*)
 .vectors       0x00000000       0x8c src/ASF/sam0/utils/cmsis/samd10/source/gcc/startup_samd10.o
                0x00000000                exception_table
 *(.text .text.* .gnu.linkonce.t.*)
 .text          0x0000008c       0x60 c:/program files (x86)/atmel/atmel toolchain/arm gcc/native/4.8.1437/arm-gnu-toolchain/bin/../lib/gcc/arm-none-eabi/4.8.4/armv6-m/crtbegin.o
 .text.SERCOM0_Handler
                0x000000ec       0x10 src/ASF/sam0/drivers/sercom/sercom_interrupt.o
                0x000000ec                SERCOM0_Handler
 .text.SERCOM1_Handler
                0x000000fc       0x10 src/ASF/sam0/drivers/sercom/sercom_interrupt.o
                0x000000fc                SERCOM1_Handler
 .text.SERCOM2_Handler
                0x0000010c       0x10 src/ASF/sam0/drivers/sercom/sercom_interrupt.o
                0x0000010c                SERCOM2_Handler
 .text._tcc_get_inst_index
                0x0000011c        0x4 src/ASF/sam0/drivers/tcc/tcc.o
                0x0000011c                _tcc_get_inst_index
 .text.tcc_get_config_defaults
                0x00000120      0x13c src/ASF/sam0/drivers/tcc/tcc.o
                0x00000120                tcc_get_config_defaults
 .text.tcc_init
                0x0000025c      0x3f4 src/ASF/sam0/drivers/tcc/tcc.o
                0x0000025c                tcc_init
 .text.tcc_register_callback
                0x00000650       0x18 src/ASF/sam0/drivers/tcc/tcc_callback.o
                0x00000650                tcc_register_callback
 .text.tcc_enable_callback
                0x00000668       0x34 src/ASF/sam0/drivers/tcc/tcc_callback.o
                0x00000668                tcc_enable_callback
 .text._tcc_interrupt_handler
                0x0000069c       0x48 src/ASF/sam0/drivers/tcc/tcc_callback.o
                0x0000069c                _tcc_interrupt_handler
 .text.TCC0_Handler
                0x000006e4       0x10 src/ASF/sam0/drivers/tcc/tcc_callback.o
                0x000006e4                TCC0_Handler
 .text.tcc_callback_function
                0x000006f4       0x10 src/main.o
 .text.board_led_setup
                0x00000704       0x34 src/main.o
                0x00000704                board_led_setup
 .text.main     0x00000738       0xac src/main.o
                0x00000738                main
 .text.port_pin_set_config
                0x000007e4       0x24 src/ASF/sam0/drivers/port/port.o
                0x000007e4                port_pin_set_config
 .text.Dummy_Handler
                0x00000808        0x4 src/ASF/sam0/utils/cmsis/samd10/source/gcc/startup_samd10.o
                0x00000808                DMAC_Handler
                0x00000808                HardFault_Handler
                0x00000808                TC2_Handler
                0x00000808                AC_Handler
                0x00000808                SysTick_Handler
                0x00000808                PendSV_Handler
                0x00000808                NMI_Handler
                0x00000808                ADC_Handler
                0x00000808                RTC_Handler
                0x00000808                EIC_Handler
                0x00000808                WDT_Handler
                0x00000808                TC1_Handler
                0x00000808                USB_Handler
                0x00000808                Dummy_Handler
                0x00000808                PM_Handler
                0x00000808                SVC_Handler
                0x00000808                EVSYS_Handler
                0x00000808                NVMCTRL_Handler
                0x00000808                DAC_Handler
                0x00000808                PTC_Handler
                0x00000808                SYSCTRL_Handler
 .text.Reset_Handler
                0x0000080c       0x90 src/ASF/sam0/utils/cmsis/samd10/source/gcc/startup_samd10.o
                0x0000080c                Reset_Handler
 .text.cpu_irq_enter_critical
                0x0000089c       0x3c src/ASF/common/utils/interrupt/interrupt_sam_nvic.o
                0x0000089c                cpu_irq_enter_critical
 .text.cpu_irq_leave_critical
                0x000008d8       0x2c src/ASF/common/utils/interrupt/interrupt_sam_nvic.o
                0x000008d8                cpu_irq_leave_critical
 .text.system_clock_source_get_hz
                0x00000904       0x90 src/ASF/sam0/drivers/system/clock/clock_samd10_d11/clock.o
                0x00000904                system_clock_source_get_hz
 .text.system_clock_source_osc8m_set_config
                0x00000994       0x3c src/ASF/sam0/drivers/system/clock/clock_samd10_d11/clock.o
                0x00000994                system_clock_source_osc8m_set_config
 .text.system_clock_source_xosc32k_set_config
                0x000009d0       0xb4 src/ASF/sam0/drivers/system/clock/clock_samd10_d11/clock.o
                0x000009d0                system_clock_source_xosc32k_set_config
 .text.system_clock_source_dpll_set_config
                0x00000a84       0xa0 src/ASF/sam0/drivers/system/clock/clock_samd10_d11/clock.o
                0x00000a84                system_clock_source_dpll_set_config
 .text.system_clock_source_enable
                0x00000b24       0xa0 src/ASF/sam0/drivers/system/clock/clock_samd10_d11/clock.o
                0x00000b24                system_clock_source_enable
 .text.system_clock_source_disable
                0x00000bc4       0x7c src/ASF/sam0/drivers/system/clock/clock_samd10_d11/clock.o
                0x00000bc4                system_clock_source_disable
 .text.system_clock_source_is_ready
                0x00000c40       0x54 src/ASF/sam0/drivers/system/clock/clock_samd10_d11/clock.o
                0x00000c40                system_clock_source_is_ready
 .text.system_clock_init
                0x00000c94      0x128 src/ASF/sam0/drivers/system/clock/clock_samd10_d11/clock.o
                0x00000c94                system_clock_init
 .text.system_gclk_init
                0x00000dbc       0x24 src/ASF/sam0/drivers/system/clock/clock_samd10_d11/gclk.o
                0x00000dbc                system_gclk_init
 .text.system_gclk_gen_set_config
                0x00000de0       0xb4 src/ASF/sam0/drivers/system/clock/clock_samd10_d11/gclk.o
                0x00000de0                system_gclk_gen_set_config
 .text.system_gclk_gen_enable
                0x00000e94       0x44 src/ASF/sam0/drivers/system/clock/clock_samd10_d11/gclk.o
                0x00000e94                system_gclk_gen_enable
 .text.system_gclk_gen_get_hz
                0x00000ed8       0x8c src/ASF/sam0/drivers/system/clock/clock_samd10_d11/gclk.o
                0x00000ed8                system_gclk_gen_get_hz
 .text.system_gclk_chan_enable
                0x00000f64       0x30 src/ASF/sam0/drivers/system/clock/clock_samd10_d11/gclk.o
                0x00000f64                system_gclk_chan_enable
 .text.system_gclk_chan_disable
                0x00000f94       0x5c src/ASF/sam0/drivers/system/clock/clock_samd10_d11/gclk.o
                0x00000f94                system_gclk_chan_disable
 .text.system_gclk_chan_set_config
                0x00000ff0       0x1c src/ASF/sam0/drivers/system/clock/clock_samd10_d11/gclk.o
                0x00000ff0                system_gclk_chan_set_config
 .text.system_gclk_chan_get_hz
                0x0000100c       0x34 src/ASF/sam0/drivers/system/clock/clock_samd10_d11/gclk.o
                0x0000100c                system_gclk_chan_get_hz
 .text._system_pinmux_config
                0x00001040       0x88 src/ASF/sam0/drivers/system/pinmux/pinmux.o
 .text.system_pinmux_pin_set_config
                0x000010c8       0x2c src/ASF/sam0/drivers/system/pinmux/pinmux.o
                0x000010c8                system_pinmux_pin_set_config
 .text.system_init
                0x000010f4        0xc src/ASF/sam0/drivers/system/system.o
                0x000010f4                system_init
 .text          0x00001100       0x9c c:/program files (x86)/atmel/atmel toolchain/arm gcc/native/4.8.1437/arm-gnu-toolchain/bin/../lib/gcc/arm-none-eabi/4.8.4/armv6-m\libgcc.a(_udivsi3.o)
                0x00001100                __aeabi_uidiv
                0x00001100                __udivsi3
                0x00001188                __aeabi_uidivmod
 .text          0x0000119c        0x4 c:/program files (x86)/atmel/atmel toolchain/arm gcc/native/4.8.1437/arm-gnu-toolchain/bin/../lib/gcc/arm-none-eabi/4.8.4/armv6-m\libgcc.a(_dvmd_tls.o)
                0x0000119c                __aeabi_idiv0
                0x0000119c                __aeabi_ldiv0
 .text.__libc_init_array
                0x000011a0       0x48 c:/program files (x86)/atmel/atmel toolchain/arm gcc/native/4.8.1437/arm-gnu-toolchain/bin/../lib/gcc/arm-none-eabi/4.8.4/../../../../arm-none-eabi/lib/armv6-m\libc.a(lib_a-init.o)
                0x000011a0                __libc_init_array
 .text.startup.register_fini
                0x000011e8       0x18 c:/program files (x86)/atmel/atmel toolchain/arm gcc/native/4.8.1437/arm-gnu-toolchain/bin/../lib/gcc/arm-none-eabi/4.8.4/../../../../arm-none-eabi/lib/armv6-m\libc.a(lib_a-__call_atexit.o)
 .text.atexit   0x00001200       0x10 c:/program files (x86)/atmel/atmel toolchain/arm gcc/native/4.8.1437/arm-gnu-toolchain/bin/../lib/gcc/arm-none-eabi/4.8.4/../../../../arm-none-eabi/lib/armv6-m\libc.a(lib_a-atexit.o)
                0x00001200                atexit
 .text.__libc_fini_array
                0x00001210       0x30 c:/program files (x86)/atmel/atmel toolchain/arm gcc/native/4.8.1437/arm-gnu-toolchain/bin/../lib/gcc/arm-none-eabi/4.8.4/../../../../arm-none-eabi/lib/armv6-m\libc.a(lib_a-fini.o)
                0x00001210                __libc_fini_array
 .text.__register_exitproc
                0x00001240       0xc0 c:/program files (x86)/atmel/atmel toolchain/arm gcc/native/4.8.1437/arm-gnu-toolchain/bin/../lib/gcc/arm-none-eabi/4.8.4/../../../../arm-none-eabi/lib/armv6-m\libc.a(lib_a-__atexit.o)
                0x00001240                __register_exitproc
 *(.glue_7t)
 .glue_7t       0x00000000        0x0 linker stubs
 *(.glue_7)
 .glue_7        0x00000000        0x0 linker stubs
 *(.rodata .rodata* .gnu.linkonce.r.*)
 .rodata        0x00001300       0x30 src/ASF/sam0/drivers/tcc/tcc_callback.o
                0x00001300                _tcc_intflag
 .rodata        0x00001330       0x90 src/ASF/sam0/drivers/system/clock/clock_samd10_d11/clock.o
 .rodata.str1.4
                0x000013c0        0x4 c:/program files (x86)/atmel/atmel toolchain/arm gcc/native/4.8.1437/arm-gnu-toolchain/bin/../lib/gcc/arm-none-eabi/4.8.4/../../../../arm-none-eabi/lib/armv6-m\libc.a(lib_a-impure.o)
 .rodata._global_impure_ptr
                0x000013c4        0x4 c:/program files (x86)/atmel/atmel toolchain/arm gcc/native/4.8.1437/arm-gnu-toolchain/bin/../lib/gcc/arm-none-eabi/4.8.4/../../../../arm-none-eabi/lib/armv6-m\libc.a(lib_a-impure.o)
                0x000013c4                _global_impure_ptr
 *(.ARM.extab* .gnu.linkonce.armextab.*)
                0x000013c8                . = ALIGN (0x4)
 *(.init)
 .init          0x000013c8        0x4 c:/program files (x86)/atmel/atmel toolchain/arm gcc/native/4.8.1437/arm-gnu-toolchain/bin/../lib/gcc/arm-none-eabi/4.8.4/armv6-m/crti.o
                0x000013c8                _init
 .init          0x000013cc        0x8 c:/program files (x86)/atmel/atmel toolchain/arm gcc/native/4.8.1437/arm-gnu-toolchain/bin/../lib/gcc/arm-none-eabi/4.8.4/armv6-m/crtn.o
                0x000013d4                . = ALIGN (0x4)
                0x000013d4                __preinit_array_start = .
 *(.preinit_array)
                0x000013d4                __preinit_array_end = .
                0x000013d4                . = ALIGN (0x4)
                0x000013d4                __init_array_start = .
 *(SORT(.init_array.*))
 .init_array.00000
                0x000013d4        0x4 c:/program files (x86)/atmel/atmel toolchain/arm gcc/native/4.8.1437/arm-gnu-toolchain/bin/../lib/gcc/arm-none-eabi/4.8.4/../../../../arm-none-eabi/lib/armv6-m\libc.a(lib_a-__call_atexit.o)
 *(.init_array)
 .init_array    0x000013d8        0x4 c:/program files (x86)/atmel/atmel toolchain/arm gcc/native/4.8.1437/arm-gnu-toolchain/bin/../lib/gcc/arm-none-eabi/4.8.4/armv6-m/crtbegin.o
                0x000013dc                __init_array_end = .
                0x000013dc                . = ALIGN (0x4)
 *crtbegin.o(.ctors)
 *(EXCLUDE_FILE(*crtend.o) .ctors)
 *(SORT(.ctors.*))
 *crtend.o(.ctors)
                0x000013dc                . = ALIGN (0x4)
 *(.fini)
 .fini          0x000013dc        0x4 c:/program files (x86)/atmel/atmel toolchain/arm gcc/native/4.8.1437/arm-gnu-toolchain/bin/../lib/gcc/arm-none-eabi/4.8.4/armv6-m/crti.o
                0x000013dc                _fini
 .fini          0x000013e0        0x8 c:/program files (x86)/atmel/atmel toolchain/arm gcc/native/4.8.1437/arm-gnu-toolchain/bin/../lib/gcc/arm-none-eabi/4.8.4/armv6-m/crtn.o
                0x000013e8                . = ALIGN (0x4)
                0x000013e8                __fini_array_start = .
 *(.fini_array)
 .fini_array    0x000013e8        0x4 c:/program files (x86)/atmel/atmel toolchain/arm gcc/native/4.8.1437/arm-gnu-toolchain/bin/../lib/gcc/arm-none-eabi/4.8.4/armv6-m/crtbegin.o
 *(SORT(.fini_array.*))
                0x000013ec                __fini_array_end = .
 *crtbegin.o(.dtors)
 *(EXCLUDE_FILE(*crtend.o) .dtors)
 *(SORT(.dtors.*))
 *crtend.o(.dtors)
                0x000013ec                . = ALIGN (0x4)
                0x000013ec                _efixed = .
                0x000013ec                PROVIDE (__exidx_start, .)

.vfp11_veneer   0x000013ec        0x0
 .vfp11_veneer  0x00000000        0x0 linker stubs

.v4_bx          0x000013ec        0x0
 .v4_bx         0x00000000        0x0 linker stubs

.iplt           0x000013ec        0x0
 .iplt          0x00000000        0x0 c:/program files (x86)/atmel/atmel toolchain/arm gcc/native/4.8.1437/arm-gnu-toolchain/bin/../lib/gcc/arm-none-eabi/4.8.4/armv6-m/crtbegin.o

.eh_frame       0x000013ec        0x0
 .eh_frame      0x000013ec        0x0 c:/program files (x86)/atmel/atmel toolchain/arm gcc/native/4.8.1437/arm-gnu-toolchain/bin/../lib/gcc/arm-none-eabi/4.8.4/armv6-m/crtbegin.o

.rel.dyn        0x000013ec        0x0
 .rel.iplt      0x00000000        0x0 c:/program files (x86)/atmel/atmel toolchain/arm gcc/native/4.8.1437/arm-gnu-toolchain/bin/../lib/gcc/arm-none-eabi/4.8.4/armv6-m/crtbegin.o

.jcr            0x000013ec        0x0
 .jcr           0x000013ec        0x0 c:/program files (x86)/atmel/atmel toolchain/arm gcc/native/4.8.1437/arm-gnu-toolchain/bin/../lib/gcc/arm-none-eabi/4.8.4/armv6-m/crtbegin.o

.igot.plt       0x000013ec        0x0
 .igot.plt      0x00000000        0x0 c:/program files (x86)/atmel/atmel toolchain/arm gcc/native/4.8.1437/arm-gnu-toolchain/bin/../lib/gcc/arm-none-eabi/4.8.4/armv6-m/crtbegin.o

.ARM.exidx
 *(.ARM.exidx* .gnu.linkonce.armexidx.*)
                0x000013ec                PROVIDE (__exidx_end, .)
                0x000013ec                . = ALIGN (0x4)
                0x000013ec                _etext = .

.relocate       0x20000000      0x430 load address 0x000013ec
                0x20000000                . = ALIGN (0x4)
                0x20000000                _srelocate = .
 *(.ramfunc .ramfunc.*)
 *(.data .data.*)
 .data          0x20000000        0x1 src/ASF/common/utils/interrupt/interrupt_sam_nvic.o
                0x20000000                g_interrupt_enabled
 *fill*         0x20000001        0x7 
 .data.impure_data
                0x20000008      0x428 c:/program files (x86)/atmel/atmel toolchain/arm gcc/native/4.8.1437/arm-gnu-toolchain/bin/../lib/gcc/arm-none-eabi/4.8.4/../../../../arm-none-eabi/lib/armv6-m\libc.a(lib_a-impure.o)
                0x20000430                . = ALIGN (0x4)
                0x20000430                _erelocate = .

.bss            0x20000430       0xa0 load address 0x0000181c
                0x20000430                . = ALIGN (0x4)
                0x20000430                _sbss = .
                0x20000430                _szero = .
 *(.bss .bss.*)
 .bss           0x20000430       0x1c c:/program files (x86)/atmel/atmel toolchain/arm gcc/native/4.8.1437/arm-gnu-toolchain/bin/../lib/gcc/arm-none-eabi/4.8.4/armv6-m/crtbegin.o
 .bss           0x2000044c       0x18 src/ASF/sam0/drivers/sercom/sercom_interrupt.o
 .bss           0x20000464        0x8 src/ASF/common/utils/interrupt/interrupt_sam_nvic.o
 .bss           0x2000046c       0x20 src/ASF/sam0/drivers/system/clock/clock_samd10_d11/clock.o
 *(COMMON)
 COMMON         0x2000048c        0x4 src/ASF/sam0/drivers/tcc/tcc_callback.o
                0x2000048c                _tcc_instances
 COMMON         0x20000490       0x40 src/main.o
                0x20000490                tcc_instance
                0x200004d0                . = ALIGN (0x4)
                0x200004d0                _ebss = .
                0x200004d0                _ezero = .

.stack          0x200004d0      0x400 load address 0x000018bc
                0x200004d0                . = ALIGN (0x8)
                0x200004d0                _sstack = .
                0x200008d0                . = (. + STACK_SIZE)
 *fill*         0x200004d0      0x400 
                0x200008d0                . = ALIGN (0x8)
                0x200008d0                _estack = .
                0x200008d0                . = ALIGN (0x4)
                0x200008d0                _end = .
OUTPUT(LM_Slat_Prototype.elf elf32-littlearm)

.ARM.attributes
                0x00000000       0x28
 .ARM.attributes
                0x00000000       0x1e c:/program files (x86)/atmel/atmel toolchain/arm gcc/native/4.8.1437/arm-gnu-toolchain/bin/../lib/gcc/arm-none-eabi/4.8.4/armv6-m/crti.o
 .ARM.attributes
                0x0000001e       0x2c c:/program files (x86)/atmel/atmel toolchain/arm gcc/native/4.8.1437/arm-gnu-toolchain/bin/../lib/gcc/arm-none-eabi/4.8.4/armv6-m/crtbegin.o
 .ARM.attributes
                0x0000004a       0x32 src/ASF/sam0/drivers/sercom/sercom_interrupt.o
 .ARM.attributes
                0x0000007c       0x32 src/ASF/sam0/drivers/tcc/tcc.o
 .ARM.attributes
                0x000000ae       0x32 src/ASF/sam0/drivers/tcc/tcc_callback.o
 .ARM.attributes
                0x000000e0       0x32 src/main.o
 .ARM.attributes
                0x00000112       0x32 src/ASF/sam0/drivers/port/port.o
 .ARM.attributes
                0x00000144       0x32 src/ASF/sam0/utils/cmsis/samd10/source/gcc/startup_samd10.o
 .ARM.attributes
                0x00000176       0x32 src/ASF/common/utils/interrupt/interrupt_sam_nvic.o
 .ARM.attributes
                0x000001a8       0x32 src/ASF/sam0/drivers/system/clock/clock_samd10_d11/clock.o
 .ARM.attributes
                0x000001da       0x32 src/ASF/sam0/drivers/system/clock/clock_samd10_d11/gclk.o
 .ARM.attributes
                0x0000020c       0x32 src/ASF/sam0/drivers/system/pinmux/pinmux.o
 .ARM.attributes
                0x0000023e       0x32 src/ASF/sam0/drivers/system/system.o
 .ARM.attributes
                0x00000270       0x1e c:/program files (x86)/atmel/atmel toolchain/arm gcc/native/4.8.1437/arm-gnu-toolchain/bin/../lib/gcc/arm-none-eabi/4.8.4/armv6-m\libgcc.a(_udivsi3.o)
 .ARM.attributes
                0x0000028e       0x1e c:/program files (x86)/atmel/atmel toolchain/arm gcc/native/4.8.1437/arm-gnu-toolchain/bin/../lib/gcc/arm-none-eabi/4.8.4/armv6-m\libgcc.a(_dvmd_tls.o)
 .ARM.attributes
                0x000002ac       0x2c c:/program files (x86)/atmel/atmel toolchain/arm gcc/native/4.8.1437/arm-gnu-toolchain/bin/../lib/gcc/arm-none-eabi/4.8.4/../../../../arm-none-eabi/lib/armv6-m\libc.a(lib_a-impure.o)
 .ARM.attributes
                0x000002d8       0x2c c:/program files (x86)/atmel/atmel toolchain/arm gcc/native/4.8.1437/arm-gnu-toolchain/bin/../lib/gcc/arm-none-eabi/4.8.4/../../../../arm-none-eabi/lib/armv6-m\libc.a(lib_a-init.o)
 .ARM.attributes
                0x00000304       0x2c c:/program files (x86)/atmel/atmel toolchain/arm gcc/native/4.8.1437/arm-gnu-toolchain/bin/../lib/gcc/arm-none-eabi/4.8.4/../../../../arm-none-eabi/lib/armv6-m\libc.a(lib_a-__call_atexit.o)
 .ARM.attributes
                0x00000330       0x2c c:/program files (x86)/atmel/atmel toolchain/arm gcc/native/4.8.1437/arm-gnu-toolchain/bin/../lib/gcc/arm-none-eabi/4.8.4/../../../../arm-none-eabi/lib/armv6-m\libc.a(lib_a-atexit.o)
 .ARM.attributes
                0x0000035c       0x2c c:/program files (x86)/atmel/atmel toolchain/arm gcc/native/4.8.1437/arm-gnu-toolchain/bin/../lib/gcc/arm-none-eabi/4.8.4/../../../../arm-none-eabi/lib/armv6-m\libc.a(lib_a-fini.o)
 .ARM.attributes
                0x00000388       0x2c c:/program files (x86)/atmel/atmel toolchain/arm gcc/native/4.8.1437/arm-gnu-toolchain/bin/../lib/gcc/arm-none-eabi/4.8.4/../../../../arm-none-eabi/lib/armv6-m\libc.a(lib_a-__atexit.o)
 .ARM.attributes
                0x000003b4       0x1e c:/program files (x86)/atmel/atmel toolchain/arm gcc/native/4.8.1437/arm-gnu-toolchain/bin/../lib/gcc/arm-none-eabi/4.8.4/armv6-m/crtn.o

.comment        0x00000000       0x5b
 .comment       0x00000000       0x5b src/ASF/sam0/drivers/sercom/sercom_interrupt.o
                                 0x5c (size before relaxing)
 .comment       0x00000000       0x5c src/ASF/sam0/drivers/tcc/tcc.o
 .comment       0x00000000       0x5c src/ASF/sam0/drivers/tcc/tcc_callback.o
 .comment       0x00000000       0x5c src/main.o
 .comment       0x00000000       0x5c src/ASF/sam0/drivers/port/port.o
 .comment       0x00000000       0x5c src/ASF/sam0/utils/cmsis/samd10/source/gcc/startup_samd10.o
 .comment       0x00000000       0x5c src/ASF/common/utils/interrupt/interrupt_sam_nvic.o
 .comment       0x00000000       0x5c src/ASF/sam0/drivers/system/clock/clock_samd10_d11/clock.o
 .comment       0x00000000       0x5c src/ASF/sam0/drivers/system/clock/clock_samd10_d11/gclk.o
 .comment       0x00000000       0x5c src/ASF/sam0/drivers/system/pinmux/pinmux.o
 .comment       0x00000000       0x5c src/ASF/sam0/drivers/system/system.o

.debug_frame    0x00000000      0x12c
 .debug_frame   0x00000000       0x20 c:/program files (x86)/atmel/atmel toolchain/arm gcc/native/4.8.1437/arm-gnu-toolchain/bin/../lib/gcc/arm-none-eabi/4.8.4/armv6-m\libgcc.a(_udivsi3.o)
 .debug_frame   0x00000020       0x2c c:/program files (x86)/atmel/atmel toolchain/arm gcc/native/4.8.1437/arm-gnu-toolchain/bin/../lib/gcc/arm-none-eabi/4.8.4/../../../../arm-none-eabi/lib/armv6-m\libc.a(lib_a-init.o)
 .debug_frame   0x0000004c       0x54 c:/program files (x86)/atmel/atmel toolchain/arm gcc/native/4.8.1437/arm-gnu-toolchain/bin/../lib/gcc/arm-none-eabi/4.8.4/../../../../arm-none-eabi/lib/armv6-m\libc.a(lib_a-__call_atexit.o)
 .debug_frame   0x000000a0       0x28 c:/program files (x86)/atmel/atmel toolchain/arm gcc/native/4.8.1437/arm-gnu-toolchain/bin/../lib/gcc/arm-none-eabi/4.8.4/../../../../arm-none-eabi/lib/armv6-m\libc.a(lib_a-atexit.o)
 .debug_frame   0x000000c8       0x2c c:/program files (x86)/atmel/atmel toolchain/arm gcc/native/4.8.1437/arm-gnu-toolchain/bin/../lib/gcc/arm-none-eabi/4.8.4/../../../../arm-none-eabi/lib/armv6-m\libc.a(lib_a-fini.o)
 .debug_frame   0x000000f4       0x38 c:/program files (x86)/atmel/atmel toolchain/arm gcc/native/4.8.1437/arm-gnu-toolchain/bin/../lib/gcc/arm-none-eabi/4.8.4/../../../../arm-none-eabi/lib/armv6-m\libc.a(lib_a-__atexit.o)
